// Jest Snapshot v1, https://goo.gl/fbAQLP

exports[`Pruebas con el CounterApp Debe de mostrar <CounterApp /> correctamente haciendo un Snapshot y con el valor 100 1`] = `ShallowWrapper {}`;

exports[`Pruebas con el CounterApp Debe de mostrar el valor por defecto del CounterApp 1`] = `ShallowWrapper {}`;
