// Jest Snapshot v1, https://goo.gl/fbAQLP

exports[`Pruebas con la PrimeraApp Debe de mostrar <PrimeraApp /> correctamente 1`] = `ShallowWrapper {}`;

exports[`Pruebas con la PrimeraApp Debe de mostrar el subt√≠tulo enviado por props 1`] = `ShallowWrapper {}`;
